// Jest Snapshot v1, https://goo.gl/fbAQLP

exports[`App should render properly 1`] = `
ShallowWrapper {
  "length": 1,
  Symbol(enzyme.__root__): [Circular],
  Symbol(enzyme.__unrendered__): <App />,
  Symbol(enzyme.__renderer__): Object {
    "batchedUpdates": [Function],
    "getNode": [Function],
    "render": [Function],
    "simulateEvent": [Function],
    "unmount": [Function],
  },
  Symbol(enzyme.__node__): Object {
    "instance": null,
    "key": null,
    "nodeType": "host",
    "props": Object {
      "children": Array [
        <h1>
          Moview
</h1>,
        <p
          className="attribution__disclaimer"
>
          This product uses the TMDb API but is not endorsed or certified by TMDb.
</p>,
      ],
    },
    "ref": null,
    "rendered": Array [
      Object {
        "instance": null,
        "key": null,
        "nodeType": "host",
        "props": Object {
          "children": "Moview",
        },
        "ref": null,
        "rendered": "Moview",
        "type": "h1",
      },
      Object {
        "instance": null,
        "key": null,
        "nodeType": "host",
        "props": Object {
          "children": "This product uses the TMDb API but is not endorsed or certified by TMDb.",
          "className": "attribution__disclaimer",
        },
        "ref": null,
        "rendered": "This product uses the TMDb API but is not endorsed or certified by TMDb.",
        "type": "p",
      },
    ],
    "type": "div",
  },
  Symbol(enzyme.__nodes__): Array [
    Object {
      "instance": null,
      "key": null,
      "nodeType": "host",
      "props": Object {
        "children": Array [
          <h1>
            Moview
</h1>,
          <p
            className="attribution__disclaimer"
>
            This product uses the TMDb API but is not endorsed or certified by TMDb.
</p>,
        ],
      },
      "ref": null,
      "rendered": Array [
        Object {
          "instance": null,
          "key": null,
          "nodeType": "host",
          "props": Object {
            "children": "Moview",
          },
          "ref": null,
          "rendered": "Moview",
          "type": "h1",
        },
        Object {
          "instance": null,
          "key": null,
          "nodeType": "host",
          "props": Object {
            "children": "This product uses the TMDb API but is not endorsed or certified by TMDb.",
            "className": "attribution__disclaimer",
          },
          "ref": null,
          "rendered": "This product uses the TMDb API but is not endorsed or certified by TMDb.",
          "type": "p",
        },
      ],
      "type": "div",
    },
  ],
  Symbol(enzyme.__options__): Object {
    "adapter": ReactSixteenAdapter {
      "options": Object {
        "enableComponentDidUpdateOnSetState": true,
      },
    },
  },
}
`;
